// Jest Snapshot v1, https://goo.gl/fbAQLP

exports[`ScrollButtons When has buttons ScrollButtons 1`] = `
<div
  className="css-scroll-buttons"
>
  <button
    className="css-button-up"
    onPress={undefined}
  />
  <button
    className="css-button-down"
    onPress={undefined}
  />
</div>
`;
