// Jest Snapshot v1, https://goo.gl/fbAQLP

exports[`Layout Layout 1`] = `
<div
  className="app-container"
>
  <div
    className="css-root"
  />
</div>
`;
